\BOOKMARK [1][-]{section.1}{\376\377\000I\000n\000f\000o\000r\000m\000a\000\347\000\365\000e\000s\000\040\000g\000e\000r\000a\000i\000s\000\040\000d\000o\000\040\000p\000r\000o\000j\000e\000t\000o}{}% 1
\BOOKMARK [1][-]{section.2}{\376\377\000R\000e\000s\000u\000m\000o\000\040\000d\000o\000\040\000p\000r\000o\000j\000e\000t\000o\000\040\000p\000r\000o\000p\000o\000s\000t\000o}{}% 2
\BOOKMARK [1][-]{section.3}{\376\377\000R\000e\000s\000u\000m\000o\000\040\000d\000a\000s\000\040\000a\000t\000i\000v\000i\000d\000a\000d\000e\000s\000\040\000r\000e\000a\000l\000i\000z\000a\000d\000a\000s}{}% 3
\BOOKMARK [1][-]{section.4}{\376\377\000R\000e\000a\000l\000i\000z\000a\000\347\000\365\000e\000s\000\040\000d\000o\000\040\000p\000e\000r\000\355\000o\000d\000o}{}% 4
\BOOKMARK [2][-]{subsection.4.1}{\376\377\000P\000r\000i\000n\000c\000\355\000p\000i\000o\000s\000\040\000d\000a\000\040\000c\000o\000m\000p\000u\000t\000a\000\347\000\343\000o\000\040\000q\000u\000\342\000n\000t\000i\000c\000a}{section.4}% 5
\BOOKMARK [3][-]{subsubsection.4.1.1}{\376\377\000R\000e\000l\000e\000v\000\342\000n\000c\000i\000a\000s\000\040\000d\000a\000\040\000c\000o\000m\000p\000u\000t\000a\000\347\000\343\000o\000\040\000q\000u\000\342\000n\000t\000i\000c\000a}{subsection.4.1}% 6
\BOOKMARK [3][-]{subsubsection.4.1.2}{\376\377\000Q\000u\000b\000i\000t}{subsection.4.1}% 7
\BOOKMARK [3][-]{subsubsection.4.1.3}{\376\377\000M\000o\000d\000e\000l\000o\000\040\000M\000a\000t\000e\000m\000\341\000t\000i\000c\000o}{subsection.4.1}% 8
\BOOKMARK [3][-]{subsubsection.4.1.4}{\376\377\000P\000o\000r\000t\000a\000s\000\040\000l\000\363\000g\000i\000c\000a\000s}{subsection.4.1}% 9
\BOOKMARK [3][-]{subsubsection.4.1.5}{\376\377\000D\000e\000s\000a\000f\000i\000o\000s}{subsection.4.1}% 10
\BOOKMARK [2][-]{subsection.4.2}{\376\377\000P\000r\000o\000p\000r\000i\000e\000d\000a\000d\000e\000s\000\040\000d\000a\000\040\000f\000\355\000s\000i\000c\000a\000\040\000q\000u\000\342\000n\000t\000i\000c\000a\000\040\000a\000p\000l\000i\000c\000a\000d\000a\000s\000\040\000\340\000\040\000c\000o\000m\000p\000u\000t\000a\000\347\000\343\000o}{section.4}% 11
\BOOKMARK [3][-]{subsubsection.4.2.1}{\376\377\000L\000e\000i\000t\000u\000r\000a}{subsection.4.2}% 12
\BOOKMARK [3][-]{subsubsection.4.2.2}{\376\377\000S\000u\000p\000e\000r\000p\000o\000s\000i\000\347\000\343\000o\000\040\000e\000\040\000E\000n\000t\000r\000e\000l\000a\000\347\000a\000m\000e\000n\000t\000o\000\040\000q\000u\000\342\000n\000t\000i\000c\000o}{subsection.4.2}% 13
\BOOKMARK [2][-]{subsection.4.3}{\376\377\000A\000l\000g\000o\000r\000i\000t\000m\000o\000s\000\040\000e\000\040\000c\000i\000r\000c\000u\000i\000t\000o\000s\000\040\000m\000a\000i\000s\000\040\000c\000o\000m\000p\000l\000e\000x\000o\000s}{section.4}% 14
\BOOKMARK [3][-]{subsubsection.4.3.1}{\376\377\000A\000l\000g\000o\000r\000i\000t\000m\000o\000\040\000d\000e\000\040\000S\000h\000o\000r}{subsection.4.3}% 15
\BOOKMARK [3][-]{subsubsection.4.3.2}{\376\377\000A\000l\000g\000o\000r\000i\000t\000m\000o\000\040\000d\000e\000\040\000G\000r\000o\000v\000e\000r}{subsection.4.3}% 16
\BOOKMARK [2][-]{subsection.4.4}{\376\377\000L\000i\000n\000g\000u\000a\000g\000e\000m\000\040\000d\000e\000\040\000p\000r\000o\000g\000r\000a\000m\000a\000\347\000\343\000o\000\040\000v\000o\000l\000t\000a\000d\000a\000\040\000p\000a\000r\000a\000\040\000c\000o\000m\000p\000u\000t\000a\000\347\000\343\000o\000\040\000q\000u\000\342\000n\000t\000i\000c\000a\000\040\000\050\000q\000i\000s\000k\000i\000t\000\051}{section.4}% 17
\BOOKMARK [3][-]{subsubsection.4.4.1}{\376\377\000D\000o\000i\000s\000\040\000p\000r\000o\000g\000r\000a\000m\000a\000s\000\040\000i\000n\000t\000r\000o\000d\000u\000t\000\363\000r\000i\000o\000s}{subsection.4.4}% 18
\BOOKMARK [3][-]{subsubsection.4.4.2}{\376\377\000P\000r\000o\000t\000o\000c\000o\000l\000o\000\040\000d\000e\000\040\000t\000e\000l\000e\000t\000r\000a\000n\000s\000p\000o\000r\000t\000e\000\040\000d\000e\000\040\000i\000n\000f\000o\000r\000m\000a\000\347\000\343\000o}{subsection.4.4}% 19
\BOOKMARK [2][-]{subsection.4.5}{\376\377\000T\000r\000a\000b\000a\000l\000h\000o\000\040\000c\000o\000m\000\040\000c\000i\000r\000c\000u\000i\000t\000o\000s\000\040\000e\000\040\000p\000r\000o\000g\000r\000a\000m\000a\000s\000\040\000q\000u\000\342\000n\000t\000i\000c\000o\000s}{section.4}% 20
\BOOKMARK [3][-]{subsubsection.4.5.1}{\376\377\000I\000m\000p\000l\000e\000m\000e\000n\000t\000a\000\347\000\343\000o}{subsection.4.5}% 21
\BOOKMARK [3][-]{subsubsection.4.5.2}{\376\377\000E\000s\000t\000u\000d\000o}{subsection.4.5}% 22
\BOOKMARK [2][-]{subsection.4.6}{\376\377\000P\000r\000i\000n\000c\000\355\000p\000i\000o\000s\000\040\000d\000a\000\040\000c\000o\000m\000u\000n\000i\000c\000a\000\347\000\343\000o\000\040\000q\000u\000\342\000n\000t\000i\000c\000a}{section.4}% 23
\BOOKMARK [2][-]{subsection.4.7}{\376\377\000O\000u\000t\000r\000a\000s\000\040\000a\000t\000i\000v\000i\000d\000a\000d\000e\000s\000\040\000r\000e\000a\000l\000i\000z\000a\000d\000a\000s}{section.4}% 24
\BOOKMARK [1][-]{section.5}{\376\377\000P\000l\000a\000n\000o\000\040\000d\000e\000\040\000a\000t\000i\000v\000i\000d\000a\000d\000e\000s\000\040\000p\000a\000r\000a\000\040\000o\000\040\000p\000r\000\363\000x\000i\000m\000o\000\040\000p\000e\000r\000\355\000o\000d\000o}{}% 25
\BOOKMARK [2][-]{subsection.5.1}{\376\377\000C\000r\000o\000n\000o\000g\000r\000a\000m\000a}{section.5}% 26
\BOOKMARK [1][-]{section.6}{\376\377\000R\000e\000f\000e\000r\000\352\000n\000c\000i\000a\000s\000\040\000B\000i\000b\000l\000i\000o\000g\000r\000\341\000f\000i\000c\000a\000s}{}% 27
\BOOKMARK [1][-]{section.7}{\376\377\000I\000n\000f\000o\000r\000m\000a\000\347\000\365\000e\000s\000\040\000g\000e\000r\000a\000i\000s\000\040\000d\000o\000\040\000p\000r\000o\000j\000e\000t\000o}{}% 28
\BOOKMARK [1][-]{section.8}{\376\377\000R\000e\000s\000u\000m\000o\000\040\000d\000o\000\040\000p\000r\000o\000j\000e\000t\000o\000\040\000p\000r\000o\000p\000o\000s\000t\000o}{}% 29
\BOOKMARK [1][-]{section.9}{\376\377\000R\000e\000s\000u\000m\000o\000\040\000d\000a\000s\000\040\000a\000t\000i\000v\000i\000d\000a\000d\000e\000s\000\040\000r\000e\000a\000l\000i\000z\000a\000d\000a\000s}{}% 30
\BOOKMARK [1][-]{section.10}{\376\377\000R\000e\000a\000l\000i\000z\000a\000\347\000\365\000e\000s\000\040\000d\000o\000\040\000p\000e\000r\000\355\000o\000d\000o}{}% 31
\BOOKMARK [2][-]{subsection.10.1}{\376\377\000P\000r\000i\000n\000c\000\355\000p\000i\000o\000s\000\040\000d\000a\000\040\000c\000o\000m\000p\000u\000t\000a\000\347\000\343\000o\000\040\000q\000u\000\342\000n\000t\000i\000c\000a}{section.10}% 32
\BOOKMARK [2][-]{subsection.10.2}{\376\377\000P\000r\000o\000p\000r\000i\000e\000d\000a\000d\000e\000s\000\040\000d\000a\000\040\000f\000\355\000s\000i\000c\000a\000\040\000q\000u\000\342\000n\000t\000i\000c\000a\000\040\000a\000p\000l\000i\000c\000a\000d\000a\000s\000\040\000\340\000\040\000c\000o\000m\000p\000u\000t\000a\000\347\000\343\000o}{section.10}% 33
\BOOKMARK [2][-]{subsection.10.3}{\376\377\000A\000l\000g\000o\000r\000i\000t\000m\000o\000s\000\040\000e\000\040\000c\000i\000r\000c\000u\000i\000t\000o\000s\000\040\000m\000a\000i\000s\000\040\000c\000o\000m\000p\000l\000e\000x\000o\000s}{section.10}% 34
\BOOKMARK [2][-]{subsection.10.4}{\376\377\000L\000i\000n\000g\000u\000a\000g\000e\000m\000\040\000d\000e\000\040\000p\000r\000o\000g\000r\000a\000m\000a\000\347\000\343\000o\000\040\000v\000o\000l\000t\000a\000d\000a\000\040\000p\000a\000r\000a\000\040\000c\000o\000m\000p\000u\000t\000a\000\347\000\343\000o\000\040\000q\000u\000\342\000n\000t\000i\000c\000a\000\040\000\050\000q\000i\000s\000k\000i\000t\000\051}{section.10}% 35
\BOOKMARK [2][-]{subsection.10.5}{\376\377\000T\000r\000a\000b\000a\000l\000h\000o\000\040\000c\000o\000m\000\040\000c\000i\000r\000c\000u\000i\000t\000o\000s\000\040\000e\000\040\000p\000r\000o\000g\000r\000a\000m\000a\000s\000\040\000q\000u\000\342\000n\000t\000i\000c\000o\000s}{section.10}% 36
\BOOKMARK [2][-]{subsection.10.6}{\376\377\000C\000o\000m\000u\000n\000i\000c\000a\000\347\000\343\000o\000\040\000q\000u\000\342\000n\000t\000i\000c\000a}{section.10}% 37
\BOOKMARK [2][-]{subsection.10.7}{\376\377\000S\000e\000m\000i\000n\000\341\000r\000i\000o\000s\000\040\000B\000e\000r\000n}{section.10}% 38
\BOOKMARK [2][-]{subsection.10.8}{\376\377\000O\000u\000t\000r\000a\000s\000\040\000a\000t\000i\000v\000i\000d\000a\000d\000e\000s\000\040\000r\000e\000a\000l\000i\000z\000a\000d\000a\000s}{section.10}% 39
\BOOKMARK [2][-]{subsection.10.9}{\376\377\000B\000e\000p\000e}{section.10}% 40
\BOOKMARK [1][-]{section.11}{\376\377\000R\000e\000f\000e\000r\000\352\000n\000c\000i\000a\000s\000\040\000B\000i\000b\000l\000i\000o\000g\000r\000\341\000f\000i\000c\000a\000s}{}% 41
\BOOKMARK [1][-]{section.12}{\376\377\000A\000b\000s\000t\000r\000a\000c\000t}{}% 42
\BOOKMARK [1][-]{section.13}{\376\377\000T\000h\000e\000\040\000f\000u\000n\000d\000a\000m\000e\000n\000t\000a\000l\000s\000\040\000o\000f\000\040\000q\000u\000a\000n\000t\000u\000m\000\040\000w\000a\000l\000k\000s\000,\000\040\000q\000u\000a\000n\000t\000u\000m\000\040\000i\000n\000f\000o\000r\000m\000a\000t\000i\000o\000n\000,\000\040\000a\000n\000d\000\040\000s\000i\000m\000u\000l\000a\000t\000i\000o\000n}{}% 43
\BOOKMARK [1][-]{section.14}{\376\377\000Q\000u\000a\000n\000t\000u\000m\000\040\000w\000a\000l\000k\000\040\000a\000l\000g\000o\000r\000i\000t\000h\000m\000s\000\040\000a\000n\000d\000\040\000t\000h\000e\000i\000r\000\040\000i\000m\000p\000l\000e\000m\000e\000n\000t\000a\000t\000i\000o\000n\000s}{}% 44
\BOOKMARK [1][-]{section.15}{\376\377\000S\000i\000m\000u\000l\000a\000t\000i\000o\000n\000\040\000d\000e\000v\000e\000l\000o\000p\000m\000e\000n\000t\000\040\000a\000n\000d\000\040\000e\000x\000p\000e\000r\000i\000m\000e\000n\000t\000s}{}% 45
\BOOKMARK [1][-]{section.16}{\376\377\000R\000e\000f\000i\000n\000e\000m\000e\000n\000t\000s\000\040\000t\000o\000\040\000t\000h\000e\000\040\000q\000u\000a\000n\000t\000u\000m\000\040\000w\000a\000l\000k\000\040\000p\000r\000o\000t\000o\000c\000o\000l}{}% 46
\BOOKMARK [1][-]{section.17}{\376\377\000D\000e\000s\000i\000g\000n\000\040\000t\000h\000e\000\040\000o\000u\000t\000l\000i\000n\000e\000\040\000o\000f\000\040\000a\000\040\000s\000c\000i\000e\000n\000t\000i\000f\000i\000c\000\040\000p\000a\000p\000e\000r}{}% 47
\BOOKMARK [1][-]{section.18}{\376\377\000F\000u\000t\000u\000r\000e\000\040\000w\000o\000r\000k}{}% 48
\BOOKMARK [1][-]{section.19}{\376\377\000R\000e\000s\000u\000m\000o\000\040\000d\000o\000\040\000p\000r\000o\000j\000e\000t\000o\000\040\000p\000r\000o\000p\000o\000s\000t\000o}{}% 49
\BOOKMARK [1][-]{section.20}{\376\377\000R\000e\000a\000l\000i\000z\000a\000\347\000\365\000e\000s\000\040\000d\000o\000\040\000p\000e\000r\000\355\000o\000d\000o}{}% 50
\BOOKMARK [1][-]{section.21}{\376\377\000P\000a\000r\000t\000i\000c\000i\000p\000a\000\347\000\343\000o\000\040\000e\000m\000\040\000e\000v\000e\000n\000t\000o\000s}{}% 51
\BOOKMARK [1][-]{section.22}{\376\377\000A\000n\000e\000x\000o\000s}{}% 52
